Traceback (most recent call last):
  File "/home/mneuhaus/wall-e-dora/gamepad/gamepad/Gamepad.py", line 65, in __init__
    self.joystickFile = open(self.joystickPath, 'rb')
                        ^^^^^^^^^^^^^^^^^^^^^^^^^^^^^
FileNotFoundError: [Errno 2] No such file or directory: '/dev/input/js0'

During handling of the above exception, another exception occurred:

Traceback (most recent call last):
  File "/home/mneuhaus/wall-e-dora/gamepad/gamepad/main.py", line 27, in <module>
    main()
  File "/home/mneuhaus/wall-e-dora/gamepad/gamepad/main.py", line 8, in main
    gp = Gamepad()
         ^^^^^^^^^
  File "/home/mneuhaus/wall-e-dora/gamepad/gamepad/Gamepad.py", line 72, in __init__
    raise IOError('Could not open gamepad %s: %s' % (self.joystickNumber, str(e)))
OSError: Could not open gamepad 0: [Errno 2] No such file or directory: '/dev/input/js0'
